
> trabalhofinal@1.0.0 test
> jest --detectOpenHandles --runInBand

npm : FAIL src/__tests__/score.integration.spec.ts (8.481 s)
No linha:1 caractere:1
+ npm run test > test_output.log 2>&1
+ ~~~~~~~~~~~~~~~~~~~~~~~~~~~~~~~~~~~
    + CategoryInfo          : NotSpecified: (FAIL src/__test...ec.ts (8.481 s):String) [], RemoteException
    + FullyQualifiedErrorId : NativeCommandError
 
  ÔùÅ Console

    console.log
      [updatePlayerScore] acionado para Player ID: 1

      at src/services/playerService.ts:85:11

    console.log
      [updatePlayerScore] acionado para Player ID: 1

      at src/services/playerService.ts:85:11

  ÔùÅ Score Integration Tests ÔÇ║ should block impossible scores based on anti-cheat logic (Zod Validation)

    expect(received).toBe(expected) // Object.is equality

    Expected: "AntiCheat"
    Received: "body.AntiCheat"

    [0m [90m 93 |[39m     
expect(res[33m.[39mbody[33m.[39mtype)[33m.[39mtoBe([32m"validationError"[39m)[33m;[39m
     [90m 94 |[39m     [90m// Path includes 'AntiCheat'[39m
    [31m[1m>[22m[39m[90m 95 |[39m     expect(res[33m.[39mbody[33m.[39mcontent[[35m0[39m][33m.[39mfield)[
33m.[39mtoBe([32m"AntiCheat"[39m)[33m;[39m
     [90m    |[39m                                       [31m[1m^[22m[39m
     [90m 96 |[39m   })[33m;[39m
     [90m 97 |[39m
     [90m 98 |[39m   it([32m"should only update rich presence and preserving higher score 
logically"[39m[33m,[39m [36masync[39m () [33m=>[39m {[0m

      at src/__tests__/score.integration.spec.ts:95:39
      at fulfilled (node_modules/tslib/tslib.js:167:62)

PASS src/__tests__/auth.integration.spec.ts
  ÔùÅ Console

    console.log
      Registrando usu├írio...

      at src/controllers/registerController.ts:16:11

    console.log
      Adicionando usu├írio ao banco de dados...

      at src/services/userService.ts:60:11

    console.log
      Usu├írio testuser1 adicionado com sucesso!

      at src/services/userService.ts:73:13

    console.log
      Criando perfil de jogador para testuser1...

      at src/services/playerService.ts:51:11

    console.log
      Usu├írio testuser1 registrado com sucesso.

      at src/controllers/registerController.ts:64:13


Test Suites: 1 failed, 1 passed, 2 total
Tests:       1 failed, 4 passed, 5 total
Snapshots:   0 total
Time:        10.154 s
Ran all test suites.
